// Vitest Snapshot v1, https://vitest.dev/guide/snapshot.html

exports[`App component > Renders snapshot 1`] = `
<div>
  <div
    class="App"
  >
    <header
      class="header"
    >
      <h1>
        Team Metrics Dashboard
      </h1>
      <div
        class="images"
      >
        <img
          alt="Lightbulb"
          height="10"
          src="/src/assets/lightbulb.png"
          width="10"
        />
        <img
          alt="Moon"
          height="10"
          src="/src/assets/moon.png"
          width="10"
        />
      </div>
    </header>
    <div
      class="container"
    >
      <aside
        class="sidebar"
      >
        <nav>
          <ul>
            <li>
              <a
                href="#overview"
              >
                Overview
              </a>
            </li>
            <li>
              <a
                href="#commits"
              >
                Commits
              </a>
            </li>
            <li>
              <a
                href="#code-quality"
              >
                Code Quality
              </a>
            </li>
            <li>
              <a
                href="#reviews"
              >
                Reviews
              </a>
            </li>
          </ul>
        </nav>
      </aside>
      <main
        class="main-content"
      >
        <section
          class="search-section"
          id="overview"
        >
          <form
            class="search-form"
          >
            <div
              class="split-search"
            >
              <div
                class="left-half"
              >
                <div
                  class="searchbar-container"
                >
                  <label
                    for="command"
                  >
                    Enter Reason or Subject:
                  </label>
                  <input
                    autocomplete="off"
                    id="search-input"
                    name="command"
                    placeholder="Reason/Subject..."
                    type="text"
                    value=""
                  />
                </div>
                <div
                  class="searchbar-container"
                >
                  <label
                    for="owner"
                  >
                    Owners:
                  </label>
                  <input
                    autocomplete="off"
                    id="owner-input"
                    name="owner"
                    placeholder="Owner..."
                    type="text"
                    value=""
                  />
                </div>
              </div>
              <div
                class="or-divider"
              >
                <div
                  class="vertical-line"
                />
                <div
                  class="or"
                >
                  OR
                </div>
                <div
                  class="vertical-line"
                />
              </div>
              <div
                class="right-half"
              >
                <div
                  class="searchbar-container2"
                >
                  <label
                    for="team"
                  >
                    Team:
                  </label>
                  <input
                    autocomplete="off"
                    id="team-input"
                    name="team"
                    placeholder="Team..."
                    type="text"
                    value=""
                  />
                </div>
              </div>
            </div>
            <button
              id="toggle-advanced"
              type="button"
            >
              <b>
                Advanced Settings
              </b>
            </button>
            <button
              id="submitButton"
              type="submit"
            >
              <b>
                Search
              </b>
            </button>
          </form>
        </section>
        <section
          class="kpi-section"
          id="kpi-section"
        >
          <div
            class="kpi-card"
            data-email="team1@example.com"
          >
            <h3>
              Team: 
              Alpha
            </h3>
            <p>
              Total Commits: 
              <span>
                123
              </span>
            </p>
          </div>
          <div
            class="kpi-card"
            data-email="team2@example.com"
          >
            <h3>
              Team: 
              Beta
            </h3>
            <p>
              Open Reviews: 
              <span>
                8
              </span>
            </p>
          </div>
          <div
            class="kpi-card"
            data-email="team3@example.com"
          >
            <h3>
              Team: 
              Gamma
            </h3>
            <p>
              Bugs Fixed: 
              <span>
                15
              </span>
            </p>
          </div>
        </section>
        <section
          class="charts-section"
          id="charts-section"
        >
          <div
            class="chart-card"
          >
            <h3>
              Commit Trends
            </h3>
            <p>
              [Chart Placeholder]
            </p>
          </div>
          <div
            class="chart-card"
          >
            <h3>
              Code Quality Metrics
            </h3>
            <p>
              [Chart Placeholder]
            </p>
          </div>
        </section>
        <section
          class="table-section"
          id="table-section"
        >
          <div
            class="table-card"
          >
            <h3>
              Review Summary
            </h3>
            <p>
              [Table Placeholder]
            </p>
          </div>
        </section>
      </main>
    </div>
    <footer
      class="footer"
    >
      <p>
        Â© 2024 Team Metrics Dashboard @ elaneek - Henry Lee Ericsson
      </p>
    </footer>
  </div>
</div>
`;
